add soviet-union-1938: Soviet Union (interwar) 1922..1945 <- world_1938 ['USSR'] (1 feature(s), 2239 vertices, MultiPolygon, labelPoint [66.551, 52.288])
add soviet-union-1960: Soviet Union (Cold War) 1945..1991 <- world_1960 ['USSR'] (1 feature(s), 2483 vertices, MultiPolygon, labelPoint [66.551, 52.288])
add kingdom-of-prussia-1715: Kingdom of Prussia (1715) 1701..1741 <- world_1715 ['Brandenburg', 'Prussia'] (2 feature(s), 349 vertices, MultiPolygon, labelPoint [15.263, 53.239])
add kingdom-of-prussia-1783: Kingdom of Prussia (1783) 1742..1814 <- world_1783 ['Prussia'] (2 feature(s), 433 vertices, MultiPolygon, labelPoint [17.571, 53.788])
add kingdom-of-prussia-1815: Kingdom of Prussia (1815) 1815..1871 <- world_1815 ['Prussia'] (5 feature(s), 704 vertices, MultiPolygon, labelPoint [16.216, 52.454])
add sumer-ur-iii: Sumer (Ur III) -2900..-2004 <- world_bc2000 ['Ur'] (1 feature(s), 33 vertices, Polygon, labelPoint [45.8, 31.6])
add kingdom-of-israel-judah: Kingdom of Israel and Judah -1000..-586 <- world_bc1000 ['Kingdom of David and Solomon'] (1 feature(s), 55 vertices, Polygon, labelPoint [35.2, 31.8])
add novgorod-republic: Novgorod Republic 1136..1478 <- world_1300 ['Novgorod'] (1 feature(s), 114 vertices, Polygon, labelPoint [33.044, 61.524])
add kingdom-of-sicily: Kingdom of Sicily 1130..1282 <- world_1200 ['Dutchy of Benevento'] (1 feature(s), 71 vertices, MultiPolygon, labelPoint [14.798, 41.343])
add visigothic-kingdom-toulouse: Visigothic Kingdom (Toulouse) 418..507 <- world_500 ['Visigoths'] (1 feature(s), 141 vertices, Polygon, labelPoint [-3.665, 39.45])
add visigothic-kingdom-toledo: Visigothic Kingdom (Toledo) 507..711 <- world_600 ['Visigothic Kingdom'] (1 feature(s), 184 vertices, Polygon, labelPoint [-5.536, 40.773])
add ostrogothic-kingdom: Ostrogothic Kingdom 493..553 <- world_500 ['Ostrogoths'] (1 feature(s), 230 vertices, Polygon, labelPoint [16.763, 45.998])
add vandal-kingdom: Vandal Kingdom 435..534 <- world_500 ['Vandals'] (1 feature(s), 351 vertices, MultiPolygon, labelPoint [9.275, 35.754])
add lombard-kingdom: Lombard Kingdom 568..774 <- world_600 ['Lombard principalities'] (1 feature(s), 96 vertices, MultiPolygon, labelPoint [9.951, 45.66])
add samanid-empire: Samanid Empire 819..999 <- world_900 ['Samanid Empire'] (1 feature(s), 49 vertices, Polygon, labelPoint [68.687, 35.799])
add balhae: Balhae 698..926 <- world_900 ['Balhae'] (1 feature(s), 75 vertices, Polygon, labelPoint [133.436, 44.48])
add toungoo-burma: Toungoo Burma 1510..1752 <- world_1650 ['Ava'] (1 feature(s), 128 vertices, Polygon, labelPoint [94.59, 22.651])
add kazan-khanate: Kazan Khanate 1438..1552 <- world_1530 ['Kazan Khanate'] (1 feature(s), 12 vertices, Polygon, labelPoint [59.21, 54.722])
add athens-delian-league: Athens (Delian League) -478..-404 hand-traced (123 vertices, MultiPolygon, labelPoint [23.73, 38.0])
add sparta-peloponnesian-league: Sparta (Peloponnesian League) -550..-366 hand-traced (50 vertices, Polygon, labelPoint [22.05, 37.527])
add empire-of-nicaea: Empire of Nicaea 1204..1261 hand-traced (114 vertices, Polygon, labelPoint [28.494, 38.928])
add phoenicia: Phoenicia -1200..-539 hand-traced (54 vertices, Polygon, labelPoint [35.947, 34.767])
wrote data/empires.json: 442 features (+22)
wiki soviet-union-1938: fetch failed (URLError: <urlopen error Tunnel connection failed: 403 Forbidden>)
wiki soviet-union-1960: fetch failed (URLError: <urlopen error Tunnel connection failed: 403 Forbidden>)
wiki kingdom-of-prussia-1715: fetch failed (URLError: <urlopen error Tunnel connection failed: 403 Forbidden>)
wiki kingdom-of-prussia-1783: fetch failed (URLError: <urlopen error Tunnel connection failed: 403 Forbidden>)
wiki kingdom-of-prussia-1815: fetch failed (URLError: <urlopen error Tunnel connection failed: 403 Forbidden>)
wiki sumer-ur-iii: fetch failed (URLError: <urlopen error Tunnel connection failed: 403 Forbidden>)
wiki kingdom-of-israel-judah: fetch failed (URLError: <urlopen error Tunnel connection failed: 403 Forbidden>)
wiki novgorod-republic: fetch failed (URLError: <urlopen error Tunnel connection failed: 403 Forbidden>)
wiki kingdom-of-sicily: fetch failed (URLError: <urlopen error Tunnel connection failed: 403 Forbidden>)
wiki visigothic-kingdom-toulouse: fetch failed (URLError: <urlopen error Tunnel connection failed: 403 Forbidden>)
wiki visigothic-kingdom-toledo: fetch failed (URLError: <urlopen error Tunnel connection failed: 403 Forbidden>)
wiki ostrogothic-kingdom: fetch failed (URLError: <urlopen error Tunnel connection failed: 403 Forbidden>)
wiki vandal-kingdom: fetch failed (URLError: <urlopen error Tunnel connection failed: 403 Forbidden>)
wiki lombard-kingdom: fetch failed (URLError: <urlopen error Tunnel connection failed: 403 Forbidden>)
wiki samanid-empire: fetch failed (URLError: <urlopen error Tunnel connection failed: 403 Forbidden>)
wiki balhae: fetch failed (URLError: <urlopen error Tunnel connection failed: 403 Forbidden>)
wiki toungoo-burma: fetch failed (URLError: <urlopen error Tunnel connection failed: 403 Forbidden>)
wiki kazan-khanate: fetch failed (URLError: <urlopen error Tunnel connection failed: 403 Forbidden>)
wiki athens-delian-league: fetch failed (URLError: <urlopen error Tunnel connection failed: 403 Forbidden>)
wiki sparta-peloponnesian-league: fetch failed (URLError: <urlopen error Tunnel connection failed: 403 Forbidden>)
wiki empire-of-nicaea: fetch failed (URLError: <urlopen error Tunnel connection failed: 403 Forbidden>)
wiki phoenicia: fetch failed (URLError: <urlopen error Tunnel connection failed: 403 Forbidden>)
